Archive member included to satisfy reference by file (symbol)

d:/programs/stm32cubeide/stm32cubeide/plugins/com.st.stm32cube.ide.mcu.externaltools.gnu-tools-for-stm32.10.3-2021.10.win32_1.0.0.202111181127/tools/bin/../lib/gcc/arm-none-eabi/10.3.1/../../../../arm-none-eabi/lib/thumb/v7e-m+fp/hard\libc_nano.a(lib_a-errno.o)
                              ./Core/Src/syscalls.o (__errno)
d:/programs/stm32cubeide/stm32cubeide/plugins/com.st.stm32cube.ide.mcu.externaltools.gnu-tools-for-stm32.10.3-2021.10.win32_1.0.0.202111181127/tools/bin/../lib/gcc/arm-none-eabi/10.3.1/../../../../arm-none-eabi/lib/thumb/v7e-m+fp/hard\libc_nano.a(lib_a-exit.o)
                              d:/programs/stm32cubeide/stm32cubeide/plugins/com.st.stm32cube.ide.mcu.externaltools.gnu-tools-for-stm32.10.3-2021.10.win32_1.0.0.202111181127/tools/bin/../lib/gcc/arm-none-eabi/10.3.1/../../../../arm-none-eabi/lib/thumb/v7e-m+fp/hard/crt0.o (exit)
d:/programs/stm32cubeide/stm32cubeide/plugins/com.st.stm32cube.ide.mcu.externaltools.gnu-tools-for-stm32.10.3-2021.10.win32_1.0.0.202111181127/tools/bin/../lib/gcc/arm-none-eabi/10.3.1/../../../../arm-none-eabi/lib/thumb/v7e-m+fp/hard\libc_nano.a(lib_a-impure.o)
                              d:/programs/stm32cubeide/stm32cubeide/plugins/com.st.stm32cube.ide.mcu.externaltools.gnu-tools-for-stm32.10.3-2021.10.win32_1.0.0.202111181127/tools/bin/../lib/gcc/arm-none-eabi/10.3.1/../../../../arm-none-eabi/lib/thumb/v7e-m+fp/hard\libc_nano.a(lib_a-exit.o) (_global_impure_ptr)
d:/programs/stm32cubeide/stm32cubeide/plugins/com.st.stm32cube.ide.mcu.externaltools.gnu-tools-for-stm32.10.3-2021.10.win32_1.0.0.202111181127/tools/bin/../lib/gcc/arm-none-eabi/10.3.1/../../../../arm-none-eabi/lib/thumb/v7e-m+fp/hard\libc_nano.a(lib_a-init.o)
                              d:/programs/stm32cubeide/stm32cubeide/plugins/com.st.stm32cube.ide.mcu.externaltools.gnu-tools-for-stm32.10.3-2021.10.win32_1.0.0.202111181127/tools/bin/../lib/gcc/arm-none-eabi/10.3.1/../../../../arm-none-eabi/lib/thumb/v7e-m+fp/hard/crt0.o (__libc_init_array)
d:/programs/stm32cubeide/stm32cubeide/plugins/com.st.stm32cube.ide.mcu.externaltools.gnu-tools-for-stm32.10.3-2021.10.win32_1.0.0.202111181127/tools/bin/../lib/gcc/arm-none-eabi/10.3.1/../../../../arm-none-eabi/lib/thumb/v7e-m+fp/hard\libc_nano.a(lib_a-memset.o)
                              d:/programs/stm32cubeide/stm32cubeide/plugins/com.st.stm32cube.ide.mcu.externaltools.gnu-tools-for-stm32.10.3-2021.10.win32_1.0.0.202111181127/tools/bin/../lib/gcc/arm-none-eabi/10.3.1/../../../../arm-none-eabi/lib/thumb/v7e-m+fp/hard/crt0.o (memset)
d:/programs/stm32cubeide/stm32cubeide/plugins/com.st.stm32cube.ide.mcu.externaltools.gnu-tools-for-stm32.10.3-2021.10.win32_1.0.0.202111181127/tools/bin/../lib/gcc/arm-none-eabi/10.3.1/thumb/v7e-m+fp/hard\libgcc.a(_aeabi_uldivmod.o)
                              ./Drivers/STM32F4xx_HAL_Driver/Src/stm32f4xx_hal_rcc.o (__aeabi_uldivmod)
d:/programs/stm32cubeide/stm32cubeide/plugins/com.st.stm32cube.ide.mcu.externaltools.gnu-tools-for-stm32.10.3-2021.10.win32_1.0.0.202111181127/tools/bin/../lib/gcc/arm-none-eabi/10.3.1/thumb/v7e-m+fp/hard\libgcc.a(_udivmoddi4.o)
                              d:/programs/stm32cubeide/stm32cubeide/plugins/com.st.stm32cube.ide.mcu.externaltools.gnu-tools-for-stm32.10.3-2021.10.win32_1.0.0.202111181127/tools/bin/../lib/gcc/arm-none-eabi/10.3.1/thumb/v7e-m+fp/hard\libgcc.a(_aeabi_uldivmod.o) (__udivmoddi4)
d:/programs/stm32cubeide/stm32cubeide/plugins/com.st.stm32cube.ide.mcu.externaltools.gnu-tools-for-stm32.10.3-2021.10.win32_1.0.0.202111181127/tools/bin/../lib/gcc/arm-none-eabi/10.3.1/thumb/v7e-m+fp/hard\libgcc.a(_dvmd_tls.o)
                              d:/programs/stm32cubeide/stm32cubeide/plugins/com.st.stm32cube.ide.mcu.externaltools.gnu-tools-for-stm32.10.3-2021.10.win32_1.0.0.202111181127/tools/bin/../lib/gcc/arm-none-eabi/10.3.1/thumb/v7e-m+fp/hard\libgcc.a(_aeabi_uldivmod.o) (__aeabi_ldiv0)

Discarded input sections

 .text          0x0000000000000000        0x0 d:/programs/stm32cubeide/stm32cubeide/plugins/com.st.stm32cube.ide.mcu.externaltools.gnu-tools-for-stm32.10.3-2021.10.win32_1.0.0.202111181127/tools/bin/../lib/gcc/arm-none-eabi/10.3.1/thumb/v7e-m+fp/hard/crti.o
 .data          0x0000000000000000        0x0 d:/programs/stm32cubeide/stm32cubeide/plugins/com.st.stm32cube.ide.mcu.externaltools.gnu-tools-for-stm32.10.3-2021.10.win32_1.0.0.202111181127/tools/bin/../lib/gcc/arm-none-eabi/10.3.1/thumb/v7e-m+fp/hard/crti.o
 .bss           0x0000000000000000        0x0 d:/programs/stm32cubeide/stm32cubeide/plugins/com.st.stm32cube.ide.mcu.externaltools.gnu-tools-for-stm32.10.3-2021.10.win32_1.0.0.202111181127/tools/bin/../lib/gcc/arm-none-eabi/10.3.1/thumb/v7e-m+fp/hard/crti.o
[...]
Memory Configuration

Name             Origin             Length             Attributes
RAM              0x0000000020000000 0x0000000000010000 xrw
FLASH            0x0000000008000000 0x0000000000040000 xr
*default*        0x0000000000000000 0xffffffffffffffff

Linker script and memory map

LOAD d:/programs/stm32cubeide/stm32cubeide/plugins/com.st.stm32cube.ide.mcu.externaltools.gnu-tools-for-stm32.10.3-2021.10.win32_1.0.0.202111181127/tools/bin/../lib/gcc/arm-none-eabi/10.3.1/thumb/v7e-m+fp/hard/crti.o
LOAD d:/programs/stm32cubeide/stm32cubeide/plugins/com.st.stm32cube.ide.mcu.externaltools.gnu-tools-for-stm32.10.3-2021.10.win32_1.0.0.202111181127/tools/bin/../lib/gcc/arm-none-eabi/10.3.1/thumb/v7e-m+fp/hard/crtbegin.o
LOAD d:/programs/stm32cubeide/stm32cubeide/plugins/com.st.stm32cube.ide.mcu.externaltools.gnu-tools-for-stm32.10.3-2021.10.win32_1.0.0.202111181127/tools/bin/../lib/gcc/arm-none-eabi/10.3.1/../../../../arm-none-eabi/lib/thumb/v7e-m+fp/hard/crt0.o
LOAD ./Core/Src/buzzer.o
LOAD ./Core/Src/main.o
LOAD ./Core/Src/stm32f4xx_hal_msp.o
LOAD ./Core/Src/stm32f4xx_it.o
LOAD ./Core/Src/syscalls.o
LOAD ./Core/Src/sysmem.o
LOAD ./Core/Src/system_stm32f4xx.o
LOAD ./Core/Startup/startup_stm32f401ccux.o
LOAD ./Drivers/STM32F4xx_HAL_Driver/Src/stm32f4xx_hal.o
LOAD ./Drivers/STM32F4xx_HAL_Driver/Src/stm32f4xx_hal_cortex.o
LOAD ./Drivers/STM32F4xx_HAL_Driver/Src/stm32f4xx_hal_dma.o
LOAD ./Drivers/STM32F4xx_HAL_Driver/Src/stm32f4xx_hal_dma_ex.o
LOAD ./Drivers/STM32F4xx_HAL_Driver/Src/stm32f4xx_hal_exti.o
LOAD ./Drivers/STM32F4xx_HAL_Driver/Src/stm32f4xx_hal_flash.o
LOAD ./Drivers/STM32F4xx_HAL_Driver/Src/stm32f4xx_hal_flash_ex.o
LOAD ./Drivers/STM32F4xx_HAL_Driver/Src/stm32f4xx_hal_flash_ramfunc.o
LOAD ./Drivers/STM32F4xx_HAL_Driver/Src/stm32f4xx_hal_gpio.o
LOAD ./Drivers/STM32F4xx_HAL_Driver/Src/stm32f4xx_hal_pwr.o
LOAD ./Drivers/STM32F4xx_HAL_Driver/Src/stm32f4xx_hal_pwr_ex.o
LOAD ./Drivers/STM32F4xx_HAL_Driver/Src/stm32f4xx_hal_rcc.o
LOAD ./Drivers/STM32F4xx_HAL_Driver/Src/stm32f4xx_hal_rcc_ex.o
LOAD ./Drivers/STM32F4xx_HAL_Driver/Src/stm32f4xx_hal_tim.o
LOAD ./Drivers/STM32F4xx_HAL_Driver/Src/stm32f4xx_hal_tim_ex.o
START GROUP
LOAD d:/programs/stm32cubeide/stm32cubeide/plugins/com.st.stm32cube.ide.mcu.externaltools.gnu-tools-for-stm32.10.3-2021.10.win32_1.0.0.202111181127/tools/bin/../lib/gcc/arm-none-eabi/10.3.1/../../../../arm-none-eabi/lib/thumb/v7e-m+fp/hard\libc_nano.a
LOAD d:/programs/stm32cubeide/stm32cubeide/plugins/com.st.stm32cube.ide.mcu.externaltools.gnu-tools-for-stm32.10.3-2021.10.win32_1.0.0.202111181127/tools/bin/../lib/gcc/arm-none-eabi/10.3.1/../../../../arm-none-eabi/lib/thumb/v7e-m+fp/hard\libm.a
END GROUP
START GROUP
LOAD d:/programs/stm32cubeide/stm32cubeide/plugins/com.st.stm32cube.ide.mcu.externaltools.gnu-tools-for-stm32.10.3-2021.10.win32_1.0.0.202111181127/tools/bin/../lib/gcc/arm-none-eabi/10.3.1/thumb/v7e-m+fp/hard\libgcc.a
LOAD d:/programs/stm32cubeide/stm32cubeide/plugins/com.st.stm32cube.ide.mcu.externaltools.gnu-tools-for-stm32.10.3-2021.10.win32_1.0.0.202111181127/tools/bin/../lib/gcc/arm-none-eabi/10.3.1/../../../../arm-none-eabi/lib/thumb/v7e-m+fp/hard\libc_nano.a
END GROUP
START GROUP
LOAD d:/programs/stm32cubeide/stm32cubeide/plugins/com.st.stm32cube.ide.mcu.externaltools.gnu-tools-for-stm32.10.3-2021.10.win32_1.0.0.202111181127/tools/bin/../lib/gcc/arm-none-eabi/10.3.1/thumb/v7e-m+fp/hard\libgcc.a
LOAD d:/programs/stm32cubeide/stm32cubeide/plugins/com.st.stm32cube.ide.mcu.externaltools.gnu-tools-for-stm32.10.3-2021.10.win32_1.0.0.202111181127/tools/bin/../lib/gcc/arm-none-eabi/10.3.1/../../../../arm-none-eabi/lib/thumb/v7e-m+fp/hard\libc_nano.a
LOAD d:/programs/stm32cubeide/stm32cubeide/plugins/com.st.stm32cube.ide.mcu.externaltools.gnu-tools-for-stm32.10.3-2021.10.win32_1.0.0.202111181127/tools/bin/../lib/gcc/arm-none-eabi/10.3.1/../../../../arm-none-eabi/lib/thumb/v7e-m+fp/hard\libnosys.a
END GROUP
START GROUP
LOAD d:/programs/stm32cubeide/stm32cubeide/plugins/com.st.stm32cube.ide.mcu.externaltools.gnu-tools-for-stm32.10.3-2021.10.win32_1.0.0.202111181127/tools/bin/../lib/gcc/arm-none-eabi/10.3.1/thumb/v7e-m+fp/hard\libgcc.a
LOAD d:/programs/stm32cubeide/stm32cubeide/plugins/com.st.stm32cube.ide.mcu.externaltools.gnu-tools-for-stm32.10.3-2021.10.win32_1.0.0.202111181127/tools/bin/../lib/gcc/arm-none-eabi/10.3.1/../../../../arm-none-eabi/lib/thumb/v7e-m+fp/hard\libc_nano.a
LOAD d:/programs/stm32cubeide/stm32cubeide/plugins/com.st.stm32cube.ide.mcu.externaltools.gnu-tools-for-stm32.10.3-2021.10.win32_1.0.0.202111181127/tools/bin/../lib/gcc/arm-none-eabi/10.3.1/../../../../arm-none-eabi/lib/thumb/v7e-m+fp/hard\libnosys.a
END GROUP
LOAD d:/programs/stm32cubeide/stm32cubeide/plugins/com.st.stm32cube.ide.mcu.externaltools.gnu-tools-for-stm32.10.3-2021.10.win32_1.0.0.202111181127/tools/bin/../lib/gcc/arm-none-eabi/10.3.1/thumb/v7e-m+fp/hard/crtend.o
LOAD d:/programs/stm32cubeide/stm32cubeide/plugins/com.st.stm32cube.ide.mcu.externaltools.gnu-tools-for-stm32.10.3-2021.10.win32_1.0.0.202111181127/tools/bin/../lib/gcc/arm-none-eabi/10.3.1/thumb/v7e-m+fp/hard/crtn.o
                0x0000000020010000                _estack = (ORIGIN (RAM) + LENGTH (RAM))
                0x0000000000000200                _Min_Heap_Size = 0x200
                0x0000000000000400                _Min_Stack_Size = 0x400

.isr_vector     0x0000000008000000      0x194
                0x0000000008000000                . = ALIGN (0x4)
 *(.isr_vector)
 .isr_vector    0x0000000008000000      0x194 ./Core/Startup/startup_stm32f401ccux.o
                0x0000000008000000                g_pfnVectors
                0x0000000008000194                . = ALIGN (0x4)

.text           0x0000000008000194     0x15b0
                0x0000000008000194                . = ALIGN (0x4)
 *(.text)
 .text          0x0000000008000194       0x40 d:/programs/stm32cubeide/stm32cubeide/plugins/com.st.stm32cube.ide.mcu.externaltools.gnu-tools-for-stm32.10.3-2021.10.win32_1.0.0.202111181127/tools/bin/../lib/gcc/arm-none-eabi/10.3.1/thumb/v7e-m+fp/hard/crtbegin.o
 .text          0x00000000080001d4       0x30 d:/programs/stm32cubeide/stm32cubeide/plugins/com.st.stm32cube.ide.mcu.externaltools.gnu-tools-for-stm32.10.3-2021.10.win32_1.0.0.202111181127/tools/bin/../lib/gcc/arm-none-eabi/10.3.1/thumb/v7e-m+fp/hard\libgcc.a(_aeabi_uldivmod.o)
                0x00000000080001d4                __aeabi_uldivmod
 .text          0x0000000008000204      0x2d0 d:/programs/stm32cubeide/stm32cubeide/plugins/com.st.stm32cube.ide.mcu.externaltools.gnu-tools-for-stm32.10.3-2021.10.win32_1.0.0.202111181127/tools/bin/../lib/gcc/arm-none-eabi/10.3.1/thumb/v7e-m+fp/hard\libgcc.a(_udivmoddi4.o)
                0x0000000008000204                __udivmoddi4
 .text          0x00000000080004d4        0x4 d:/programs/stm32cubeide/stm32cubeide/plugins/com.st.stm32cube.ide.mcu.externaltools.gnu-tools-for-stm32.10.3-2021.10.win32_1.0.0.202111181127/tools/bin/../lib/gcc/arm-none-eabi/10.3.1/thumb/v7e-m+fp/hard\libgcc.a(_dvmd_tls.o)
                0x00000000080004d4                __aeabi_idiv0
                0x00000000080004d4                __aeabi_ldiv0
 *(.text*)
 .text.BUZZER_On
                0x00000000080004d8       0x18 ./Core/Src/buzzer.o
                0x00000000080004d8                BUZZER_On
 .text.BUZZER_Off
                0x00000000080004f0       0x18 ./Core/Src/buzzer.o
                0x00000000080004f0                BUZZER_Off
 .text.BUZZER_Go
                0x0000000008000508       0x38 ./Core/Src/buzzer.o
                0x0000000008000508                BUZZER_Go
 .text.BUZZER_Handler
                0x0000000008000540       0x64 ./Core/Src/buzzer.o
                0x0000000008000540                BUZZER_Handler
 .text.main     0x00000000080005a4       0x32 ./Core/Src/main.o
                0x00000000080005a4                main
 *fill*         0x00000000080005d6        0x2 
 .text.SystemClock_Config
                0x00000000080005d8       0xc0 ./Core/Src/main.o
                0x00000000080005d8                SystemClock_Config
 .text.MX_GPIO_Init
                0x0000000008000698       0x88 ./Core/Src/main.o
 .text.HAL_SYSTICK_Callback
                0x0000000008000720        0xc ./Core/Src/main.o
                0x0000000008000720                HAL_SYSTICK_Callback
 .text.Error_Handler
                0x000000000800072c        0xa ./Core/Src/main.o
                0x000000000800072c                Error_Handler
 *fill*         0x0000000008000736        0x2 
 .text.HAL_MspInit
                0x0000000008000738       0x50 ./Core/Src/stm32f4xx_hal_msp.o
                0x0000000008000738                HAL_MspInit
 .text.NMI_Handler
                0x0000000008000788        0x6 ./Core/Src/stm32f4xx_it.o
                0x0000000008000788                NMI_Handler
 .text.HardFault_Handler
                0x000000000800078e        0x6 ./Core/Src/stm32f4xx_it.o
                0x000000000800078e                HardFault_Handler
 .text.MemManage_Handler
                0x0000000008000794        0x6 ./Core/Src/stm32f4xx_it.o
                0x0000000008000794                MemManage_Handler
 .text.BusFault_Handler
                0x000000000800079a        0x6 ./Core/Src/stm32f4xx_it.o
                0x000000000800079a                BusFault_Handler
 .text.UsageFault_Handler
                0x00000000080007a0        0x6 ./Core/Src/stm32f4xx_it.o
                0x00000000080007a0                UsageFault_Handler
 .text.SVC_Handler
                0x00000000080007a6        0xe ./Core/Src/stm32f4xx_it.o
                0x00000000080007a6                SVC_Handler
 .text.DebugMon_Handler
                0x00000000080007b4        0xe ./Core/Src/stm32f4xx_it.o
                0x00000000080007b4                DebugMon_Handler
 .text.PendSV_Handler
                0x00000000080007c2        0xe ./Core/Src/stm32f4xx_it.o
                0x00000000080007c2                PendSV_Handler
 .text.SysTick_Handler
                0x00000000080007d0       0x10 ./Core/Src/stm32f4xx_it.o
                0x00000000080007d0                SysTick_Handler
 .text.SystemInit
                0x00000000080007e0       0x24 ./Core/Src/system_stm32f4xx.o
                0x00000000080007e0                SystemInit
 .text.Reset_Handler
                0x0000000008000804       0x50 ./Core/Startup/startup_stm32f401ccux.o
                0x0000000008000804                Reset_Handler
 .text.Default_Handler
                0x0000000008000854        0x2 ./Core/Startup/startup_stm32f401ccux.o
                0x0000000008000854                RTC_Alarm_IRQHandler
                0x0000000008000854                EXTI2_IRQHandler
                0x0000000008000854                SPI4_IRQHandler
                0x0000000008000854                TIM1_CC_IRQHandler
                0x0000000008000854                DMA2_Stream5_IRQHandler
                0x0000000008000854                DMA1_Stream5_IRQHandler
                0x0000000008000854                PVD_IRQHandler
                0x0000000008000854                SDIO_IRQHandler
                0x0000000008000854                TAMP_STAMP_IRQHandler
                0x0000000008000854                EXTI3_IRQHandler
                0x0000000008000854                TIM1_UP_TIM10_IRQHandler
                0x0000000008000854                I2C3_ER_IRQHandler
                0x0000000008000854                EXTI0_IRQHandler
                0x0000000008000854                I2C2_EV_IRQHandler
                0x0000000008000854                DMA1_Stream2_IRQHandler
                0x0000000008000854                FPU_IRQHandler
                0x0000000008000854                DMA2_Stream2_IRQHandler
                0x0000000008000854                SPI1_IRQHandler
                0x0000000008000854                TIM1_BRK_TIM9_IRQHandler
                0x0000000008000854                DMA2_Stream3_IRQHandler
                0x0000000008000854                USART6_IRQHandler
                0x0000000008000854                DMA2_Stream0_IRQHandler
                0x0000000008000854                TIM4_IRQHandler
                0x0000000008000854                I2C1_EV_IRQHandler
                0x0000000008000854                DMA1_Stream6_IRQHandler
                0x0000000008000854                DMA1_Stream1_IRQHandler
                0x0000000008000854                TIM3_IRQHandler
                0x0000000008000854                RCC_IRQHandler
                0x0000000008000854                Default_Handler
                0x0000000008000854                EXTI15_10_IRQHandler
                0x0000000008000854                ADC_IRQHandler
                0x0000000008000854                DMA1_Stream7_IRQHandler
                0x0000000008000854                TIM5_IRQHandler
                0x0000000008000854                DMA2_Stream7_IRQHandler
                0x0000000008000854                I2C3_EV_IRQHandler
                0x0000000008000854                EXTI9_5_IRQHandler
                0x0000000008000854                RTC_WKUP_IRQHandler
                0x0000000008000854                SPI2_IRQHandler
                0x0000000008000854                DMA1_Stream0_IRQHandler
                0x0000000008000854                EXTI4_IRQHandler
                0x0000000008000854                WWDG_IRQHandler
                0x0000000008000854                TIM2_IRQHandler
                0x0000000008000854                OTG_FS_WKUP_IRQHandler
                0x0000000008000854                TIM1_TRG_COM_TIM11_IRQHandler
                0x0000000008000854                EXTI1_IRQHandler
                0x0000000008000854                USART2_IRQHandler
                0x0000000008000854                I2C2_ER_IRQHandler
                0x0000000008000854                DMA2_Stream1_IRQHandler
                0x0000000008000854                FLASH_IRQHandler
                0x0000000008000854                DMA2_Stream4_IRQHandler
                0x0000000008000854                USART1_IRQHandler
                0x0000000008000854                OTG_FS_IRQHandler
                0x0000000008000854                SPI3_IRQHandler
                0x0000000008000854                DMA1_Stream4_IRQHandler
                0x0000000008000854                I2C1_ER_IRQHandler
                0x0000000008000854                DMA2_Stream6_IRQHandler
                0x0000000008000854                DMA1_Stream3_IRQHandler
 *fill*         0x0000000008000856        0x2 
 .text.HAL_Init
                0x0000000008000858       0x44 ./Drivers/STM32F4xx_HAL_Driver/Src/stm32f4xx_hal.o
                0x0000000008000858                HAL_Init
 .text.HAL_InitTick
                0x000000000800089c       0x60 ./Drivers/STM32F4xx_HAL_Driver/Src/stm32f4xx_hal.o
                0x000000000800089c                HAL_InitTick
 .text.HAL_IncTick
                0x00000000080008fc       0x28 ./Drivers/STM32F4xx_HAL_Driver/Src/stm32f4xx_hal.o
                0x00000000080008fc                HAL_IncTick
 .text.HAL_GetTick
                0x0000000008000924       0x18 ./Drivers/STM32F4xx_HAL_Driver/Src/stm32f4xx_hal.o
                0x0000000008000924                HAL_GetTick
 .text.HAL_Delay
                0x000000000800093c       0x48 ./Drivers/STM32F4xx_HAL_Driver/Src/stm32f4xx_hal.o
                0x000000000800093c                HAL_Delay
 .text.__NVIC_SetPriorityGrouping
                0x0000000008000984       0x48 ./Drivers/STM32F4xx_HAL_Driver/Src/stm32f4xx_hal_cortex.o
 .text.__NVIC_GetPriorityGrouping
                0x00000000080009cc       0x1c ./Drivers/STM32F4xx_HAL_Driver/Src/stm32f4xx_hal_cortex.o
 .text.__NVIC_SetPriority
                0x00000000080009e8       0x54 ./Drivers/STM32F4xx_HAL_Driver/Src/stm32f4xx_hal_cortex.o
 .text.NVIC_EncodePriority
                0x0000000008000a3c       0x66 ./Drivers/STM32F4xx_HAL_Driver/Src/stm32f4xx_hal_cortex.o
 *fill*         0x0000000008000aa2        0x2 
 .text.SysTick_Config
                0x0000000008000aa4       0x44 ./Drivers/STM32F4xx_HAL_Driver/Src/stm32f4xx_hal_cortex.o
 .text.HAL_NVIC_SetPriorityGrouping
                0x0000000008000ae8       0x16 ./Drivers/STM32F4xx_HAL_Driver/Src/stm32f4xx_hal_cortex.o
                0x0000000008000ae8                HAL_NVIC_SetPriorityGrouping
 .text.HAL_NVIC_SetPriority
                0x0000000008000afe       0x38 ./Drivers/STM32F4xx_HAL_Driver/Src/stm32f4xx_hal_cortex.o
                0x0000000008000afe                HAL_NVIC_SetPriority
 .text.HAL_SYSTICK_Config
                0x0000000008000b36       0x18 ./Drivers/STM32F4xx_HAL_Driver/Src/stm32f4xx_hal_cortex.o
                0x0000000008000b36                HAL_SYSTICK_Config
 *fill*         0x0000000008000b4e        0x2 
 .text.HAL_GPIO_Init
                0x0000000008000b50      0x308 ./Drivers/STM32F4xx_HAL_Driver/Src/stm32f4xx_hal_gpio.o
                0x0000000008000b50                HAL_GPIO_Init
 .text.HAL_GPIO_WritePin
                0x0000000008000e58       0x32 ./Drivers/STM32F4xx_HAL_Driver/Src/stm32f4xx_hal_gpio.o
                0x0000000008000e58                HAL_GPIO_WritePin
 *fill*         0x0000000008000e8a        0x2 
 .text.HAL_RCC_OscConfig
                0x0000000008000e8c      0x4f0 ./Drivers/STM32F4xx_HAL_Driver/Src/stm32f4xx_hal_rcc.o
                0x0000000008000e8c                HAL_RCC_OscConfig
 .text.HAL_RCC_ClockConfig
                0x000000000800137c      0x1cc ./Drivers/STM32F4xx_HAL_Driver/Src/stm32f4xx_hal_rcc.o
                0x000000000800137c                HAL_RCC_ClockConfig
 .text.HAL_RCC_GetSysClockFreq
                0x0000000008001548      0x18c ./Drivers/STM32F4xx_HAL_Driver/Src/stm32f4xx_hal_rcc.o
                0x0000000008001548                HAL_RCC_GetSysClockFreq
 .text.__libc_init_array
                0x00000000080016d4       0x48 d:/programs/stm32cubeide/stm32cubeide/plugins/com.st.stm32cube.ide.mcu.externaltools.gnu-tools-for-stm32.10.3-2021.10.win32_1.0.0.202111181127/tools/bin/../lib/gcc/arm-none-eabi/10.3.1/../../../../arm-none-eabi/lib/thumb/v7e-m+fp/hard\libc_nano.a(lib_a-init.o)
                0x00000000080016d4                __libc_init_array
 .text.memset   0x000000000800171c       0x10 d:/programs/stm32cubeide/stm32cubeide/plugins/com.st.stm32cube.ide.mcu.externaltools.gnu-tools-for-stm32.10.3-2021.10.win32_1.0.0.202111181127/tools/bin/../lib/gcc/arm-none-eabi/10.3.1/../../../../arm-none-eabi/lib/thumb/v7e-m+fp/hard\libc_nano.a(lib_a-memset.o)
                0x000000000800171c                memset
 *(.glue_7)
 .glue_7        0x000000000800172c        0x0 linker stubs
 *(.glue_7t)
 .glue_7t       0x000000000800172c        0x0 linker stubs
 *(.eh_frame)
 .eh_frame      0x000000000800172c        0x0 d:/programs/stm32cubeide/stm32cubeide/plugins/com.st.stm32cube.ide.mcu.externaltools.gnu-tools-for-stm32.10.3-2021.10.win32_1.0.0.202111181127/tools/bin/../lib/gcc/arm-none-eabi/10.3.1/thumb/v7e-m+fp/hard/crtbegin.o
 *(.init)
 .init          0x000000000800172c        0x4 d:/programs/stm32cubeide/stm32cubeide/plugins/com.st.stm32cube.ide.mcu.externaltools.gnu-tools-for-stm32.10.3-2021.10.win32_1.0.0.202111181127/tools/bin/../lib/gcc/arm-none-eabi/10.3.1/thumb/v7e-m+fp/hard/crti.o
                0x000000000800172c                _init
 .init          0x0000000008001730        0x8 d:/programs/stm32cubeide/stm32cubeide/plugins/com.st.stm32cube.ide.mcu.externaltools.gnu-tools-for-stm32.10.3-2021.10.win32_1.0.0.202111181127/tools/bin/../lib/gcc/arm-none-eabi/10.3.1/thumb/v7e-m+fp/hard/crtn.o
 *(.fini)
 .fini          0x0000000008001738        0x4 d:/programs/stm32cubeide/stm32cubeide/plugins/com.st.stm32cube.ide.mcu.externaltools.gnu-tools-for-stm32.10.3-2021.10.win32_1.0.0.202111181127/tools/bin/../lib/gcc/arm-none-eabi/10.3.1/thumb/v7e-m+fp/hard/crti.o
                0x0000000008001738                _fini
 .fini          0x000000000800173c        0x8 d:/programs/stm32cubeide/stm32cubeide/plugins/com.st.stm32cube.ide.mcu.externaltools.gnu-tools-for-stm32.10.3-2021.10.win32_1.0.0.202111181127/tools/bin/../lib/gcc/arm-none-eabi/10.3.1/thumb/v7e-m+fp/hard/crtn.o
                0x0000000008001744                . = ALIGN (0x4)
                0x0000000008001744                _etext = .

.vfp11_veneer   0x0000000008001744        0x0
 .vfp11_veneer  0x0000000008001744        0x0 linker stubs

.v4_bx          0x0000000008001744        0x0
 .v4_bx         0x0000000008001744        0x0 linker stubs

.iplt           0x0000000008001744        0x0
 .iplt          0x0000000008001744        0x0 d:/programs/stm32cubeide/stm32cubeide/plugins/com.st.stm32cube.ide.mcu.externaltools.gnu-tools-for-stm32.10.3-2021.10.win32_1.0.0.202111181127/tools/bin/../lib/gcc/arm-none-eabi/10.3.1/thumb/v7e-m+fp/hard/crtbegin.o

.rodata         0x0000000008001744       0x10
                0x0000000008001744                . = ALIGN (0x4)
 *(.rodata)
 *(.rodata*)
 .rodata.AHBPrescTable
                0x0000000008001744       0x10 ./Core/Src/system_stm32f4xx.o
                0x0000000008001744                AHBPrescTable
                0x0000000008001754                . = ALIGN (0x4)

.ARM.extab      0x0000000008001754        0x0
                0x0000000008001754                . = ALIGN (0x4)
 *(.ARM.extab* .gnu.linkonce.armextab.*)
                0x0000000008001754                . = ALIGN (0x4)

.ARM            0x0000000008001754        0x8
                0x0000000008001754                . = ALIGN (0x4)
                0x0000000008001754                __exidx_start = .
 *(.ARM.exidx*)
 .ARM.exidx     0x0000000008001754        0x8 d:/programs/stm32cubeide/stm32cubeide/plugins/com.st.stm32cube.ide.mcu.externaltools.gnu-tools-for-stm32.10.3-2021.10.win32_1.0.0.202111181127/tools/bin/../lib/gcc/arm-none-eabi/10.3.1/thumb/v7e-m+fp/hard\libgcc.a(_udivmoddi4.o)
                0x000000000800175c                __exidx_end = .
                0x000000000800175c                . = ALIGN (0x4)

.rel.dyn        0x000000000800175c        0x0
 .rel.iplt      0x000000000800175c        0x0 d:/programs/stm32cubeide/stm32cubeide/plugins/com.st.stm32cube.ide.mcu.externaltools.gnu-tools-for-stm32.10.3-2021.10.win32_1.0.0.202111181127/tools/bin/../lib/gcc/arm-none-eabi/10.3.1/thumb/v7e-m+fp/hard/crtbegin.o

.preinit_array  0x000000000800175c        0x0
                0x000000000800175c                . = ALIGN (0x4)
                0x000000000800175c                PROVIDE (__preinit_array_start = .)
 *(.preinit_array*)
                0x000000000800175c                PROVIDE (__preinit_array_end = .)
                0x000000000800175c                . = ALIGN (0x4)

.init_array     0x000000000800175c        0x4
                0x000000000800175c                . = ALIGN (0x4)
                0x000000000800175c                PROVIDE (__init_array_start = .)
 *(SORT_BY_NAME(.init_array.*))
 *(.init_array*)
 .init_array    0x000000000800175c        0x4 d:/programs/stm32cubeide/stm32cubeide/plugins/com.st.stm32cube.ide.mcu.externaltools.gnu-tools-for-stm32.10.3-2021.10.win32_1.0.0.202111181127/tools/bin/../lib/gcc/arm-none-eabi/10.3.1/thumb/v7e-m+fp/hard/crtbegin.o
                0x0000000008001760                PROVIDE (__init_array_end = .)
                0x0000000008001760                . = ALIGN (0x4)

.fini_array     0x0000000008001760        0x4
                0x0000000008001760                . = ALIGN (0x4)
                [!provide]                        PROVIDE (__fini_array_start = .)
 *(SORT_BY_NAME(.fini_array.*))
 *(.fini_array*)
 .fini_array    0x0000000008001760        0x4 d:/programs/stm32cubeide/stm32cubeide/plugins/com.st.stm32cube.ide.mcu.externaltools.gnu-tools-for-stm32.10.3-2021.10.win32_1.0.0.202111181127/tools/bin/../lib/gcc/arm-none-eabi/10.3.1/thumb/v7e-m+fp/hard/crtbegin.o
                [!provide]                        PROVIDE (__fini_array_end = .)
                0x0000000008001764                . = ALIGN (0x4)
                0x0000000008001764                _sidata = LOADADDR (.data)

.data           0x0000000020000000        0xc load address 0x0000000008001764
                0x0000000020000000                . = ALIGN (0x4)
                0x0000000020000000                _sdata = .
 *(.data)
 *(.data*)
 .data.SystemCoreClock
                0x0000000020000000        0x4 ./Core/Src/system_stm32f4xx.o
                0x0000000020000000                SystemCoreClock
 .data.uwTickPrio
                0x0000000020000004        0x4 ./Drivers/STM32F4xx_HAL_Driver/Src/stm32f4xx_hal.o
                0x0000000020000004                uwTickPrio
 .data.uwTickFreq
                0x0000000020000008        0x1 ./Drivers/STM32F4xx_HAL_Driver/Src/stm32f4xx_hal.o
                0x0000000020000008                uwTickFreq
 *(.RamFunc)
 *(.RamFunc*)
                0x000000002000000c                . = ALIGN (0x4)
 *fill*         0x0000000020000009        0x3 
                0x000000002000000c                _edata = .

.igot.plt       0x000000002000000c        0x0 load address 0x0000000008001770
 .igot.plt      0x000000002000000c        0x0 d:/programs/stm32cubeide/stm32cubeide/plugins/com.st.stm32cube.ide.mcu.externaltools.gnu-tools-for-stm32.10.3-2021.10.win32_1.0.0.202111181127/tools/bin/../lib/gcc/arm-none-eabi/10.3.1/thumb/v7e-m+fp/hard/crtbegin.o
                0x000000002000000c                . = ALIGN (0x4)

.bss            0x000000002000000c       0x28 load address 0x0000000008001770
                0x000000002000000c                _sbss = .
                0x000000002000000c                __bss_start__ = _sbss
 *(.bss)
 .bss           0x000000002000000c       0x1c d:/programs/stm32cubeide/stm32cubeide/plugins/com.st.stm32cube.ide.mcu.externaltools.gnu-tools-for-stm32.10.3-2021.10.win32_1.0.0.202111181127/tools/bin/../lib/gcc/arm-none-eabi/10.3.1/thumb/v7e-m+fp/hard/crtbegin.o
 *(.bss*)
 .bss.Buz       0x0000000020000028        0x6 ./Core/Src/buzzer.o
                0x0000000020000028                Buz
 *fill*         0x000000002000002e        0x2 
 .bss.uwTick    0x0000000020000030        0x4 ./Drivers/STM32F4xx_HAL_Driver/Src/stm32f4xx_hal.o
                0x0000000020000030                uwTick
 *(COMMON)
                0x0000000020000034                . = ALIGN (0x4)
                0x0000000020000034                _ebss = .
                0x0000000020000034                __bss_end__ = _ebss

._user_heap_stack
                0x0000000020000034      0x604 load address 0x0000000008001770
                0x0000000020000038                . = ALIGN (0x8)
 *fill*         0x0000000020000034        0x4 
                [!provide]                        PROVIDE (end = .)
                0x0000000020000038                PROVIDE (_end = .)
                0x0000000020000238                . = (. + _Min_Heap_Size)
 *fill*         0x0000000020000038      0x200 
                0x0000000020000638                . = (. + _Min_Stack_Size)
 *fill*         0x0000000020000238      0x400 
                0x0000000020000638                . = ALIGN (0x8)

/DISCARD/
 libc.a(*)
 libm.a(*)
 libgcc.a(*)

.ARM.attributes
                0x0000000000000000       0x30
 *(.ARM.attributes)
 .ARM.attributes
                0x0000000000000000       0x1e d:/programs/stm32cubeide/stm32cubeide/plugins/com.st.stm32cube.ide.mcu.externaltools.gnu-tools-for-stm32.10.3-2021.10.win32_1.0.0.202111181127/tools/bin/../lib/gcc/arm-none-eabi/10.3.1/thumb/v7e-m+fp/hard/crti.o
 .ARM.attributes
                0x000000000000001e       0x34 d:/programs/stm32cubeide/stm32cubeide/plugins/com.st.stm32cube.ide.mcu.externaltools.gnu-tools-for-stm32.10.3-2021.10.win32_1.0.0.202111181127/tools/bin/../lib/gcc/arm-none-eabi/10.3.1/thumb/v7e-m+fp/hard/crtbegin.o
 .ARM.attributes
                0x0000000000000052       0x34 ./Core/Src/buzzer.o
 .ARM.attributes
                0x0000000000000086       0x34 ./Core/Src/main.o
 .ARM.attributes
                0x00000000000000ba       0x34 ./Core/Src/stm32f4xx_hal_msp.o
 .ARM.attributes
                0x00000000000000ee       0x34 ./Core/Src/stm32f4xx_it.o
 .ARM.attributes
                0x0000000000000122       0x34 ./Core/Src/system_stm32f4xx.o
 .ARM.attributes
                0x0000000000000156       0x21 ./Core/Startup/startup_stm32f401ccux.o
 .ARM.attributes
                0x0000000000000177       0x34 ./Drivers/STM32F4xx_HAL_Driver/Src/stm32f4xx_hal.o
 .ARM.attributes
                0x00000000000001ab       0x34 ./Drivers/STM32F4xx_HAL_Driver/Src/stm32f4xx_hal_cortex.o
 .ARM.attributes
                0x00000000000001df       0x34 ./Drivers/STM32F4xx_HAL_Driver/Src/stm32f4xx_hal_gpio.o
 .ARM.attributes
                0x0000000000000213       0x34 ./Drivers/STM32F4xx_HAL_Driver/Src/stm32f4xx_hal_rcc.o
 .ARM.attributes
                0x0000000000000247       0x34 d:/programs/stm32cubeide/stm32cubeide/plugins/com.st.stm32cube.ide.mcu.externaltools.gnu-tools-for-stm32.10.3-2021.10.win32_1.0.0.202111181127/tools/bin/../lib/gcc/arm-none-eabi/10.3.1/../../../../arm-none-eabi/lib/thumb/v7e-m+fp/hard\libc_nano.a(lib_a-init.o)
 .ARM.attributes
                0x000000000000027b       0x34 d:/programs/stm32cubeide/stm32cubeide/plugins/com.st.stm32cube.ide.mcu.externaltools.gnu-tools-for-stm32.10.3-2021.10.win32_1.0.0.202111181127/tools/bin/../lib/gcc/arm-none-eabi/10.3.1/../../../../arm-none-eabi/lib/thumb/v7e-m+fp/hard\libc_nano.a(lib_a-memset.o)
 .ARM.attributes
                0x00000000000002af       0x1e d:/programs/stm32cubeide/stm32cubeide/plugins/com.st.stm32cube.ide.mcu.externaltools.gnu-tools-for-stm32.10.3-2021.10.win32_1.0.0.202111181127/tools/bin/../lib/gcc/arm-none-eabi/10.3.1/thumb/v7e-m+fp/hard\libgcc.a(_aeabi_uldivmod.o)
 .ARM.attributes
                0x00000000000002cd       0x34 d:/programs/stm32cubeide/stm32cubeide/plugins/com.st.stm32cube.ide.mcu.externaltools.gnu-tools-for-stm32.10.3-2021.10.win32_1.0.0.202111181127/tools/bin/../lib/gcc/arm-none-eabi/10.3.1/thumb/v7e-m+fp/hard\libgcc.a(_udivmoddi4.o)
 .ARM.attributes
                0x0000000000000301       0x1e d:/programs/stm32cubeide/stm32cubeide/plugins/com.st.stm32cube.ide.mcu.externaltools.gnu-tools-for-stm32.10.3-2021.10.win32_1.0.0.202111181127/tools/bin/../lib/gcc/arm-none-eabi/10.3.1/thumb/v7e-m+fp/hard\libgcc.a(_dvmd_tls.o)
 .ARM.attributes
                0x000000000000031f       0x1e d:/programs/stm32cubeide/stm32cubeide/plugins/com.st.stm32cube.ide.mcu.externaltools.gnu-tools-for-stm32.10.3-2021.10.win32_1.0.0.202111181127/tools/bin/../lib/gcc/arm-none-eabi/10.3.1/thumb/v7e-m+fp/hard/crtn.o
OUTPUT(Buzzer-STM32-HAL.elf elf32-littlearm)
LOAD linker stubs
LOAD d:/programs/stm32cubeide/stm32cubeide/plugins/com.st.stm32cube.ide.mcu.externaltools.gnu-tools-for-stm32.10.3-2021.10.win32_1.0.0.202111181127/tools/bin/../lib/gcc/arm-none-eabi/10.3.1/../../../../arm-none-eabi/lib/thumb/v7e-m+fp/hard\libc.a
LOAD d:/programs/stm32cubeide/stm32cubeide/plugins/com.st.stm32cube.ide.mcu.externaltools.gnu-tools-for-stm32.10.3-2021.10.win32_1.0.0.202111181127/tools/bin/../lib/gcc/arm-none-eabi/10.3.1/../../../../arm-none-eabi/lib/thumb/v7e-m+fp/hard\libm.a
LOAD d:/programs/stm32cubeide/stm32cubeide/plugins/com.st.stm32cube.ide.mcu.externaltools.gnu-tools-for-stm32.10.3-2021.10.win32_1.0.0.202111181127/tools/bin/../lib/gcc/arm-none-eabi/10.3.1/thumb/v7e-m+fp/hard\libgcc.a

.debug_info     0x0000000000000000     0x3c97
 .debug_info    0x0000000000000000      0x37f ./Core/Src/buzzer.o
 .debug_info    0x000000000000037f      0x804 ./Core/Src/main.o
 .debug_info    0x0000000000000b83      0x2d4 ./Core/Src/stm32f4xx_hal_msp.o
 .debug_info    0x0000000000000e57      0x12a ./Core/Src/stm32f4xx_it.o
 .debug_info    0x0000000000000f81      0x54f ./Core/Src/system_stm32f4xx.o
 .debug_info    0x00000000000014d0       0x22 ./Core/Startup/startup_stm32f401ccux.o
 .debug_info    0x00000000000014f2      0x906 ./Drivers/STM32F4xx_HAL_Driver/Src/stm32f4xx_hal.o
 .debug_info    0x0000000000001df8      0xd85 ./Drivers/STM32F4xx_HAL_Driver/Src/stm32f4xx_hal_cortex.o
 .debug_info    0x0000000000002b7d      0x78e ./Drivers/STM32F4xx_HAL_Driver/Src/stm32f4xx_hal_gpio.o
 .debug_info    0x000000000000330b      0x98c ./Drivers/STM32F4xx_HAL_Driver/Src/stm32f4xx_hal_rcc.o

.debug_abbrev   0x0000000000000000     0x1002
 .debug_abbrev  0x0000000000000000      0x18a ./Core/Src/buzzer.o
 .debug_abbrev  0x000000000000018a      0x233 ./Core/Src/main.o
 .debug_abbrev  0x00000000000003bd       0xd4 ./Core/Src/stm32f4xx_hal_msp.o
 .debug_abbrev  0x0000000000000491       0x87 ./Core/Src/stm32f4xx_it.o
 .debug_abbrev  0x0000000000000518      0x116 ./Core/Src/system_stm32f4xx.o
 .debug_abbrev  0x000000000000062e       0x12 ./Core/Startup/startup_stm32f401ccux.o
 .debug_abbrev  0x0000000000000640      0x23e ./Drivers/STM32F4xx_HAL_Driver/Src/stm32f4xx_hal.o
 .debug_abbrev  0x000000000000087e      0x316 ./Drivers/STM32F4xx_HAL_Driver/Src/stm32f4xx_hal_cortex.o
 .debug_abbrev  0x0000000000000b94      0x1c4 ./Drivers/STM32F4xx_HAL_Driver/Src/stm32f4xx_hal_gpio.o
 .debug_abbrev  0x0000000000000d58      0x2aa ./Drivers/STM32F4xx_HAL_Driver/Src/stm32f4xx_hal_rcc.o

.debug_aranges  0x0000000000000000      0x440
 .debug_aranges
                0x0000000000000000       0x48 ./Core/Src/buzzer.o
 .debug_aranges
                0x0000000000000048       0x40 ./Core/Src/main.o
 .debug_aranges
                0x0000000000000088       0x20 ./Core/Src/stm32f4xx_hal_msp.o
 .debug_aranges
                0x00000000000000a8       0x60 ./Core/Src/stm32f4xx_it.o
 .debug_aranges
                0x0000000000000108       0x28 ./Core/Src/system_stm32f4xx.o
 .debug_aranges
                0x0000000000000130       0x28 ./Core/Startup/startup_stm32f401ccux.o
 .debug_aranges
                0x0000000000000158       0xf0 ./Drivers/STM32F4xx_HAL_Driver/Src/stm32f4xx_hal.o
 .debug_aranges
                0x0000000000000248      0x118 ./Drivers/STM32F4xx_HAL_Driver/Src/stm32f4xx_hal_cortex.o
 .debug_aranges
                0x0000000000000360       0x58 ./Drivers/STM32F4xx_HAL_Driver/Src/stm32f4xx_hal_gpio.o
 .debug_aranges
                0x00000000000003b8       0x88 ./Drivers/STM32F4xx_HAL_Driver/Src/stm32f4xx_hal_rcc.o

.debug_ranges   0x0000000000000000      0x3a8
 .debug_ranges  0x0000000000000000       0x38 ./Core/Src/buzzer.o
 .debug_ranges  0x0000000000000038       0x30 ./Core/Src/main.o
 .debug_ranges  0x0000000000000068       0x10 ./Core/Src/stm32f4xx_hal_msp.o
 .debug_ranges  0x0000000000000078       0x50 ./Core/Src/stm32f4xx_it.o
 .debug_ranges  0x00000000000000c8       0x18 ./Core/Src/system_stm32f4xx.o
 .debug_ranges  0x00000000000000e0       0x20 ./Core/Startup/startup_stm32f401ccux.o
 .debug_ranges  0x0000000000000100       0xe0 ./Drivers/STM32F4xx_HAL_Driver/Src/stm32f4xx_hal.o
 .debug_ranges  0x00000000000001e0      0x108 ./Drivers/STM32F4xx_HAL_Driver/Src/stm32f4xx_hal_cortex.o
 .debug_ranges  0x00000000000002e8       0x48 ./Drivers/STM32F4xx_HAL_Driver/Src/stm32f4xx_hal_gpio.o
 .debug_ranges  0x0000000000000330       0x78 ./Drivers/STM32F4xx_HAL_Driver/Src/stm32f4xx_hal_rcc.o

.debug_macro    0x0000000000000000    0x14391
 .debug_macro   0x0000000000000000      0x1cf ./Core/Src/buzzer.o
 .debug_macro   0x00000000000001cf      0xa78 ./Core/Src/buzzer.o
 .debug_macro   0x0000000000000c47      0x28f ./Core/Src/buzzer.o
 .debug_macro   0x0000000000000ed6       0x2e ./Core/Src/buzzer.o
 .debug_macro   0x0000000000000f04       0x28 ./Core/Src/buzzer.o
 .debug_macro   0x0000000000000f2c       0x22 ./Core/Src/buzzer.o
 .debug_macro   0x0000000000000f4e       0x8e ./Core/Src/buzzer.o
 .debug_macro   0x0000000000000fdc       0x51 ./Core/Src/buzzer.o
 .debug_macro   0x000000000000102d      0x103 ./Core/Src/buzzer.o
 .debug_macro   0x0000000000001130       0x6a ./Core/Src/buzzer.o
 .debug_macro   0x000000000000119a      0x1df ./Core/Src/buzzer.o
 .debug_macro   0x0000000000001379       0x1c ./Core/Src/buzzer.o
 .debug_macro   0x0000000000001395       0x22 ./Core/Src/buzzer.o
 .debug_macro   0x00000000000013b7       0xd9 ./Core/Src/buzzer.o
 .debug_macro   0x0000000000001490     0x102d ./Core/Src/buzzer.o
 .debug_macro   0x00000000000024bd      0x11f ./Core/Src/buzzer.o
 .debug_macro   0x00000000000025dc     0xb86c ./Core/Src/buzzer.o
 .debug_macro   0x000000000000de48       0x6d ./Core/Src/buzzer.o
 .debug_macro   0x000000000000deb5     0x367e ./Core/Src/buzzer.o
 .debug_macro   0x0000000000011533      0x174 ./Core/Src/buzzer.o
 .debug_macro   0x00000000000116a7       0x5c ./Core/Src/buzzer.o
 .debug_macro   0x0000000000011703      0x416 ./Core/Src/buzzer.o
 .debug_macro   0x0000000000011b19      0x9fe ./Core/Src/buzzer.o
 .debug_macro   0x0000000000012517      0x115 ./Core/Src/buzzer.o
 .debug_macro   0x000000000001262c       0xf8 ./Core/Src/buzzer.o
 .debug_macro   0x0000000000012724       0xa5 ./Core/Src/buzzer.o
 .debug_macro   0x00000000000127c9      0x15f ./Core/Src/buzzer.o
 .debug_macro   0x0000000000012928      0x287 ./Core/Src/buzzer.o
 .debug_macro   0x0000000000012baf       0x5f ./Core/Src/buzzer.o
 .debug_macro   0x0000000000012c0e      0x236 ./Core/Src/buzzer.o
 .debug_macro   0x0000000000012e44      0x132 ./Core/Src/buzzer.o
 .debug_macro   0x0000000000012f76      0x23a ./Core/Src/buzzer.o
 .debug_macro   0x00000000000131b0       0x2e ./Core/Src/buzzer.o
 .debug_macro   0x00000000000131de      0x11a ./Core/Src/buzzer.o
 .debug_macro   0x00000000000132f8       0x85 ./Core/Src/buzzer.o
 .debug_macro   0x000000000001337d       0x89 ./Core/Src/buzzer.o
 .debug_macro   0x0000000000013406      0x126 ./Core/Src/buzzer.o
 .debug_macro   0x000000000001352c       0x10 ./Core/Src/buzzer.o
 .debug_macro   0x000000000001353c      0x1d3 ./Core/Src/main.o
 .debug_macro   0x000000000001370f      0x1bf ./Core/Src/stm32f4xx_hal_msp.o
 .debug_macro   0x00000000000138ce      0x1c9 ./Core/Src/stm32f4xx_it.o
 .debug_macro   0x0000000000013a97      0x1b0 ./Core/Src/system_stm32f4xx.o
 .debug_macro   0x0000000000013c47      0x210 ./Drivers/STM32F4xx_HAL_Driver/Src/stm32f4xx_hal.o
 .debug_macro   0x0000000000013e57      0x1b0 ./Drivers/STM32F4xx_HAL_Driver/Src/stm32f4xx_hal_cortex.o
 .debug_macro   0x0000000000014007      0x1b6 ./Drivers/STM32F4xx_HAL_Driver/Src/stm32f4xx_hal_gpio.o
 .debug_macro   0x00000000000141bd      0x1d4 ./Drivers/STM32F4xx_HAL_Driver/Src/stm32f4xx_hal_rcc.o

.debug_line     0x0000000000000000     0x5030
 .debug_line    0x0000000000000000      0x72e ./Core/Src/buzzer.o
 .debug_line    0x000000000000072e      0x731 ./Core/Src/main.o
 .debug_line    0x0000000000000e5f      0x66e ./Core/Src/stm32f4xx_hal_msp.o
 .debug_line    0x00000000000014cd      0x732 ./Core/Src/stm32f4xx_it.o
 .debug_line    0x0000000000001bff      0x6f0 ./Core/Src/system_stm32f4xx.o
 .debug_line    0x00000000000022ef       0x88 ./Core/Startup/startup_stm32f401ccux.o
 .debug_line    0x0000000000002377      0x956 ./Drivers/STM32F4xx_HAL_Driver/Src/stm32f4xx_hal.o
 .debug_line    0x0000000000002ccd      0xc05 ./Drivers/STM32F4xx_HAL_Driver/Src/stm32f4xx_hal_cortex.o
 .debug_line    0x00000000000038d2      0xa8e ./Drivers/STM32F4xx_HAL_Driver/Src/stm32f4xx_hal_gpio.o
 .debug_line    0x0000000000004360      0xcd0 ./Drivers/STM32F4xx_HAL_Driver/Src/stm32f4xx_hal_rcc.o

.debug_str      0x0000000000000000    0x7e3d6
 .debug_str     0x0000000000000000    0x7ce44 ./Core/Src/buzzer.o
                                      0x7d0ba (size before relaxing)
 .debug_str     0x000000000007ce44      0x343 ./Core/Src/main.o
                                      0x7d370 (size before relaxing)
 .debug_str     0x000000000007d187       0x2c ./Core/Src/stm32f4xx_hal_msp.o
                                      0x7cfce (size before relaxing)
 .debug_str     0x000000000007d1b3       0xc9 ./Core/Src/stm32f4xx_it.o
                                      0x7cf57 (size before relaxing)
 .debug_str     0x000000000007d27c       0xdb ./Core/Src/system_stm32f4xx.o
                                      0x7d050 (size before relaxing)
 .debug_str     0x000000000007d357       0x36 ./Core/Startup/startup_stm32f401ccux.o
                                         0x56 (size before relaxing)
 .debug_str     0x000000000007d38d      0x9ae ./Drivers/STM32F4xx_HAL_Driver/Src/stm32f4xx_hal.o
                                      0x7da72 (size before relaxing)
 .debug_str     0x000000000007dd3b      0x34a ./Drivers/STM32F4xx_HAL_Driver/Src/stm32f4xx_hal_cortex.o
                                      0x7d793 (size before relaxing)
 .debug_str     0x000000000007e085      0x11e ./Drivers/STM32F4xx_HAL_Driver/Src/stm32f4xx_hal_gpio.o
                                      0x7d1cb (size before relaxing)
 .debug_str     0x000000000007e1a3      0x233 ./Drivers/STM32F4xx_HAL_Driver/Src/stm32f4xx_hal_rcc.o
                                      0x7d484 (size before relaxing)

.comment        0x0000000000000000       0x50
 .comment       0x0000000000000000       0x50 ./Core/Src/buzzer.o
                                         0x51 (size before relaxing)
 .comment       0x0000000000000050       0x51 ./Core/Src/main.o
 .comment       0x0000000000000050       0x51 ./Core/Src/stm32f4xx_hal_msp.o
 .comment       0x0000000000000050       0x51 ./Core/Src/stm32f4xx_it.o
 .comment       0x0000000000000050       0x51 ./Core/Src/system_stm32f4xx.o
 .comment       0x0000000000000050       0x51 ./Drivers/STM32F4xx_HAL_Driver/Src/stm32f4xx_hal.o
 .comment       0x0000000000000050       0x51 ./Drivers/STM32F4xx_HAL_Driver/Src/stm32f4xx_hal_cortex.o
 .comment       0x0000000000000050       0x51 ./Drivers/STM32F4xx_HAL_Driver/Src/stm32f4xx_hal_gpio.o
 .comment       0x0000000000000050       0x51 ./Drivers/STM32F4xx_HAL_Driver/Src/stm32f4xx_hal_rcc.o

.debug_frame    0x0000000000000000      0xf00
 .debug_frame   0x0000000000000000       0xcc ./Core/Src/buzzer.o
 .debug_frame   0x00000000000000cc       0xa8 ./Core/Src/main.o
 .debug_frame   0x0000000000000174       0x38 ./Core/Src/stm32f4xx_hal_msp.o
 .debug_frame   0x00000000000001ac      0x104 ./Core/Src/stm32f4xx_it.o
 .debug_frame   0x00000000000002b0       0x58 ./Core/Src/system_stm32f4xx.o
 .debug_frame   0x0000000000000308      0x374 ./Drivers/STM32F4xx_HAL_Driver/Src/stm32f4xx_hal.o
 .debug_frame   0x000000000000067c      0x498 ./Drivers/STM32F4xx_HAL_Driver/Src/stm32f4xx_hal_cortex.o
 .debug_frame   0x0000000000000b14      0x14c ./Drivers/STM32F4xx_HAL_Driver/Src/stm32f4xx_hal_gpio.o
 .debug_frame   0x0000000000000c60      0x1f4 ./Drivers/STM32F4xx_HAL_Driver/Src/stm32f4xx_hal_rcc.o
 .debug_frame   0x0000000000000e54       0x2c d:/programs/stm32cubeide/stm32cubeide/plugins/com.st.stm32cube.ide.mcu.externaltools.gnu-tools-for-stm32.10.3-2021.10.win32_1.0.0.202111181127/tools/bin/../lib/gcc/arm-none-eabi/10.3.1/../../../../arm-none-eabi/lib/thumb/v7e-m+fp/hard\libc_nano.a(lib_a-init.o)
 .debug_frame   0x0000000000000e80       0x20 d:/programs/stm32cubeide/stm32cubeide/plugins/com.st.stm32cube.ide.mcu.externaltools.gnu-tools-for-stm32.10.3-2021.10.win32_1.0.0.202111181127/tools/bin/../lib/gcc/arm-none-eabi/10.3.1/../../../../arm-none-eabi/lib/thumb/v7e-m+fp/hard\libc_nano.a(lib_a-memset.o)
 .debug_frame   0x0000000000000ea0       0x2c d:/programs/stm32cubeide/stm32cubeide/plugins/com.st.stm32cube.ide.mcu.externaltools.gnu-tools-for-stm32.10.3-2021.10.win32_1.0.0.202111181127/tools/bin/../lib/gcc/arm-none-eabi/10.3.1/thumb/v7e-m+fp/hard\libgcc.a(_aeabi_uldivmod.o)
 .debug_frame   0x0000000000000ecc       0x34 d:/programs/stm32cubeide/stm32cubeide/plugins/com.st.stm32cube.ide.mcu.externaltools.gnu-tools-for-stm32.10.3-2021.10.win32_1.0.0.202111181127/tools/bin/../lib/gcc/arm-none-eabi/10.3.1/thumb/v7e-m+fp/hard\libgcc.a(_udivmoddi4.o)
